19:48:38 **** Incremental Build of configuration Debug for project tdse-tp2_01-model_integration ****
make -j16 all 
arm-none-eabi-size  tdse-tp2_01-model_integration.elf 
   text	   data	    bss	    dec	    hex	filename
  15740	    196	   2308	  18244	   4744	tdse-tp2_01-model_integration.elf
Finished building: default.size.stdout
 
19:50:04 **** Incremental Build of configuration Debug for project tdse-tp2_01-model_integration ****
make -j16 all 
arm-none-eabi-size  tdse-tp2_01-model_integration.elf 
   text	   data	    bss	    dec	    hex	filename
  15740	    196	   2308	  18244	   4744	tdse-tp2_01-model_integration.elf
Finished building: default.size.stdout
 
19:50:47 **** Incremental Build of configuration Debug for project tdse-tp2_01-model_integration ****
make -j16 all 
arm-none-eabi-size  tdse-tp2_01-model_integration.elf 
   text	   data	    bss	    dec	    hex	filename
  15740	    196	   2308	  18244	   4744	tdse-tp2_01-model_integration.elf
Finished building: default.size.stdout
 
19:52:43 **** Incremental Build of configuration Debug for project tdse-tp2_01-model_integration ****
make -j16 all 
arm-none-eabi-size  tdse-tp2_01-model_integration.elf 
   text	   data	    bss	    dec	    hex	filename
  15740	    196	   2308	  18244	   4744	tdse-tp2_01-model_integration.elf
Finished building: default.size.stdout
 
